tuple("basic", vector(
    tuple("Thought", "wherearemybricks")
    tuple("Guns", "notthekitten")
    tuple("Navaro", "ohplease")
    tuple("Global", "bum")
))
